[h264_v4l2m2m @ 0xaaaaede672a0] Using device /dev/video1
[h264_v4l2m2m @ 0xaaaaede672a0] driver 'iris_driver' on card 'Iris Encoder' in mplane mode
[h264_v4l2m2m @ 0xaaaaede672a0] requesting formats: output=NV12/nv12 capture=H264/none
packet pts=0 size=36637 key=1
packet pts=1 size=6041 key=0
packet pts=2 size=3832 key=0
packet pts=3 size=3348 key=0
packet pts=4 size=3879 key=0
packet pts=5 size=4514 key=0
packet pts=6 size=9557 key=0
packet pts=7 size=10787 key=0
packet pts=8 size=13106 key=0
packet pts=9 size=9938 key=0
packet pts=10 size=7977 key=0
packet pts=11 size=14515 key=0
packet pts=12 size=11157 key=0
packet pts=13 size=12282 key=0
packet pts=14 size=9951 key=0
packet pts=15 size=9962 key=0
packet pts=16 size=8128 key=0
packet pts=17 size=10511 key=0
packet pts=18 size=8467 key=0
packet pts=19 size=12576 key=0
packet pts=20 size=6895 key=0
packet pts=21 size=26807 key=0
packet pts=22 size=24785 key=0
packet pts=23 size=24893 key=0
packet pts=24 size=20544 key=0
packet pts=25 size=21532 key=0
packet pts=26 size=6158 key=0
packet pts=27 size=19787 key=0
packet pts=28 size=19864 key=0
packet pts=29 size=21223 key=0
packet pts=30 size=149520 key=1
packet pts=31 size=8207 key=0
packet pts=32 size=11509 key=0
packet pts=33 size=14847 key=0
packet pts=34 size=17374 key=0
packet pts=35 size=20735 key=0
packet pts=36 size=18959 key=0
packet pts=37 size=24450 key=0
packet pts=38 size=23158 key=0
packet pts=39 size=20127 key=0
packet pts=40 size=18908 key=0
packet pts=41 size=19777 key=0
packet pts=42 size=21902 key=0
packet pts=43 size=22082 key=0
packet pts=44 size=22331 key=0
packet pts=45 size=21024 key=0
packet pts=46 size=21130 key=0
packet pts=47 size=21937 key=0
packet pts=48 size=21688 key=0
packet pts=49 size=20332 key=0
packet pts=50 size=20950 key=0
packet pts=51 size=21752 key=0
packet pts=52 size=20280 key=0
packet pts=53 size=21370 key=0
packet pts=54 size=20157 key=0
packet pts=55 size=21317 key=0
packet pts=56 size=19894 key=0
packet pts=57 size=21152 key=0
packet pts=58 size=19529 key=0
packet pts=59 size=20643 key=0
packet pts=60 size=152365 key=1
packet pts=61 size=12048 key=0
packet pts=62 size=14698 key=0
packet pts=63 size=20249 key=0
packet pts=64 size=28909 key=0
packet pts=65 size=29714 key=0
packet pts=66 size=25493 key=0
packet pts=67 size=10176 key=0
packet pts=68 size=7530 key=0
packet pts=69 size=12033 key=0
packet pts=70 size=12013 key=0
packet pts=71 size=24794 key=0
packet pts=72 size=21253 key=0
packet pts=73 size=20684 key=0
packet pts=74 size=19531 key=0
packet pts=75 size=19237 key=0
packet pts=76 size=18597 key=0
packet pts=77 size=17971 key=0
packet pts=78 size=17687 key=0
packet pts=79 size=19132 key=0
packet pts=80 size=18621 key=0
packet pts=81 size=20243 key=0
packet pts=82 size=19850 key=0
packet pts=83 size=24076 key=0
packet pts=84 size=23577 key=0
packet pts=85 size=20409 key=0
packet pts=86 size=7665 key=0
packet pts=87 size=19860 key=0
packet pts=88 size=18056 key=0
packet pts=89 size=17838 key=0
packet pts=90 size=149168 key=1
packet pts=91 size=7736 key=0
packet pts=92 size=12622 key=0
packet pts=93 size=19442 key=0
packet pts=94 size=17118 key=0
packet pts=95 size=24586 key=0
packet pts=96 size=22454 key=0
packet pts=97 size=19114 key=0
packet pts=98 size=17954 key=0
packet pts=99 size=21080 key=0
packet pts=100 size=21392 key=0
packet pts=101 size=22002 key=0
packet pts=102 size=20604 key=0
packet pts=103 size=20607 key=0
packet pts=104 size=20341 key=0
packet pts=105 size=22018 key=0
packet pts=106 size=20048 key=0
packet pts=107 size=20086 key=0
packet pts=108 size=19653 key=0
packet pts=109 size=20279 key=0
packet pts=110 size=20089 key=0
packet pts=111 size=19236 key=0
packet pts=112 size=19342 key=0
packet pts=113 size=20614 key=0
packet pts=114 size=19819 key=0
packet pts=115 size=20161 key=0
packet pts=116 size=21038 key=0
packet pts=117 size=20678 key=0
packet pts=118 size=20801 key=0
packet pts=119 size=20412 key=0
SUMMARY codec=h264_v4l2m2m width=1920 height=1080 key_packets=4 eof=1
