[hevc_v4l2m2m @ 0xaaaada3182a0] Using device /dev/video1
[hevc_v4l2m2m @ 0xaaaada3182a0] driver 'iris_driver' on card 'Iris Encoder' in mplane mode
[hevc_v4l2m2m @ 0xaaaada3182a0] requesting formats: output=NV12/nv12 capture=HEVC/none
packet pts=0 size=126338 key=1
packet pts=1 size=1356 key=0
packet pts=2 size=5673 key=0
packet pts=3 size=4417 key=0
packet pts=4 size=6159 key=0
packet pts=5 size=5192 key=0
packet pts=6 size=5387 key=0
packet pts=7 size=4817 key=0
packet pts=8 size=4771 key=0
packet pts=9 size=4245 key=0
packet pts=10 size=4356 key=0
packet pts=11 size=3867 key=0
packet pts=12 size=4437 key=0
packet pts=13 size=3345 key=0
packet pts=14 size=2819 key=0
packet pts=15 size=2422 key=0
packet pts=16 size=2176 key=0
packet pts=17 size=1893 key=0
packet pts=18 size=2145 key=0
packet pts=19 size=1811 key=0
packet pts=20 size=1768 key=0
packet pts=21 size=1667 key=0
packet pts=22 size=1441 key=0
packet pts=23 size=1313 key=0
packet pts=24 size=1510 key=0
packet pts=25 size=1297 key=0
packet pts=26 size=1319 key=0
packet pts=27 size=1100 key=0
packet pts=28 size=1191 key=0
packet pts=29 size=1023 key=0
packet pts=30 size=266645 key=1
packet pts=31 size=2093 key=0
packet pts=32 size=4505 key=0
packet pts=33 size=6690 key=0
packet pts=34 size=4840 key=0
packet pts=35 size=4498 key=0
packet pts=36 size=3753 key=0
packet pts=37 size=3319 key=0
packet pts=38 size=2737 key=0
packet pts=39 size=2359 key=0
packet pts=40 size=1292 key=0
packet pts=41 size=785 key=0
packet pts=42 size=577 key=0
packet pts=43 size=548 key=0
packet pts=44 size=545 key=0
packet pts=45 size=787 key=0
packet pts=46 size=783 key=0
packet pts=47 size=697 key=0
packet pts=48 size=747 key=0
packet pts=49 size=754 key=0
packet pts=50 size=628 key=0
packet pts=51 size=546 key=0
packet pts=52 size=559 key=0
packet pts=53 size=674 key=0
packet pts=54 size=699 key=0
packet pts=55 size=649 key=0
packet pts=56 size=667 key=0
packet pts=57 size=675 key=0
packet pts=58 size=571 key=0
packet pts=59 size=498 key=0
packet pts=60 size=344872 key=1
packet pts=61 size=12441 key=0
packet pts=62 size=4628 key=0
packet pts=63 size=2559 key=0
packet pts=64 size=817 key=0
packet pts=65 size=539 key=0
packet pts=66 size=486 key=0
packet pts=67 size=466 key=0
packet pts=68 size=467 key=0
packet pts=69 size=454 key=0
packet pts=70 size=439 key=0
packet pts=71 size=442 key=0
packet pts=72 size=448 key=0
packet pts=73 size=441 key=0
packet pts=74 size=441 key=0
packet pts=75 size=441 key=0
packet pts=76 size=519 key=0
packet pts=77 size=445 key=0
packet pts=78 size=453 key=0
packet pts=79 size=453 key=0
packet pts=80 size=451 key=0
packet pts=81 size=439 key=0
packet pts=82 size=438 key=0
packet pts=83 size=438 key=0
packet pts=84 size=439 key=0
packet pts=85 size=447 key=0
packet pts=86 size=448 key=0
packet pts=87 size=438 key=0
packet pts=88 size=436 key=0
packet pts=89 size=439 key=0
packet pts=90 size=344167 key=1
packet pts=91 size=12393 key=0
packet pts=92 size=4842 key=0
packet pts=93 size=2619 key=0
packet pts=94 size=965 key=0
packet pts=95 size=586 key=0
packet pts=96 size=490 key=0
packet pts=97 size=473 key=0
packet pts=98 size=470 key=0
packet pts=99 size=460 key=0
packet pts=100 size=445 key=0
packet pts=101 size=445 key=0
packet pts=102 size=445 key=0
packet pts=103 size=447 key=0
packet pts=104 size=441 key=0
packet pts=105 size=442 key=0
packet pts=106 size=444 key=0
packet pts=107 size=445 key=0
packet pts=108 size=460 key=0
packet pts=109 size=456 key=0
packet pts=110 size=453 key=0
packet pts=111 size=443 key=0
packet pts=112 size=442 key=0
packet pts=113 size=442 key=0
packet pts=114 size=443 key=0
packet pts=115 size=445 key=0
packet pts=116 size=455 key=0
packet pts=117 size=441 key=0
packet pts=118 size=441 key=0
packet pts=119 size=441 key=0
SUMMARY codec=hevc_v4l2m2m width=1920 height=1080 key_packets=4 eof=1
