[h264_v4l2m2m @ 0xaaaac68162a0] Using device /dev/video1
[h264_v4l2m2m @ 0xaaaac68162a0] driver 'iris_driver' on card 'Iris Encoder' in mplane mode
[h264_v4l2m2m @ 0xaaaac68162a0] requesting formats: output=NV12/nv12 capture=H264/none
packet pts=0 size=23802 key=1
packet pts=1 size=2215 key=0
packet pts=2 size=1830 key=0
packet pts=3 size=1368 key=0
packet pts=4 size=1937 key=0
packet pts=5 size=2116 key=0
packet pts=6 size=4953 key=0
packet pts=7 size=3588 key=0
packet pts=8 size=6788 key=0
packet pts=9 size=5433 key=0
packet pts=10 size=5312 key=0
packet pts=11 size=4103 key=0
packet pts=12 size=5096 key=0
packet pts=13 size=4401 key=0
packet pts=14 size=5567 key=0
packet pts=15 size=4401 key=0
packet pts=16 size=5478 key=0
packet pts=17 size=3166 key=0
packet pts=18 size=11643 key=0
packet pts=19 size=10591 key=0
packet pts=20 size=11656 key=0
packet pts=21 size=10723 key=0
packet pts=22 size=11647 key=0
packet pts=23 size=10509 key=0
packet pts=24 size=12292 key=0
packet pts=25 size=11890 key=0
packet pts=26 size=14094 key=0
packet pts=27 size=12950 key=0
packet pts=28 size=16787 key=0
packet pts=29 size=16678 key=0
packet pts=30 size=81587 key=1
packet pts=31 size=1457 key=0
packet pts=32 size=954 key=0
packet pts=33 size=2178 key=0
packet pts=34 size=1879 key=0
packet pts=35 size=6081 key=0
packet pts=36 size=5393 key=0
packet pts=37 size=8707 key=0
packet pts=38 size=8596 key=0
packet pts=39 size=12759 key=0
packet pts=40 size=10257 key=0
packet pts=41 size=9948 key=0
packet pts=42 size=10979 key=0
packet pts=43 size=14038 key=0
packet pts=44 size=10575 key=0
packet pts=45 size=12485 key=0
packet pts=46 size=10642 key=0
packet pts=47 size=15571 key=0
packet pts=48 size=11173 key=0
packet pts=49 size=12902 key=0
packet pts=50 size=11475 key=0
packet pts=51 size=10833 key=0
packet pts=52 size=9905 key=0
packet pts=53 size=8477 key=0
packet pts=54 size=8152 key=0
packet pts=55 size=6498 key=0
packet pts=56 size=3469 key=0
packet pts=57 size=3824 key=0
packet pts=58 size=4782 key=0
packet pts=59 size=4095 key=0
packet pts=60 size=106697 key=1
packet pts=61 size=35919 key=0
packet pts=62 size=3988 key=0
packet pts=63 size=6948 key=0
packet pts=64 size=7122 key=0
packet pts=65 size=709 key=0
packet pts=66 size=1264 key=0
packet pts=67 size=1052 key=0
packet pts=68 size=779 key=0
packet pts=69 size=937 key=0
packet pts=70 size=1141 key=0
packet pts=71 size=941 key=0
packet pts=72 size=933 key=0
packet pts=73 size=987 key=0
packet pts=74 size=899 key=0
packet pts=75 size=936 key=0
packet pts=76 size=912 key=0
packet pts=77 size=912 key=0
packet pts=78 size=884 key=0
packet pts=79 size=927 key=0
packet pts=80 size=897 key=0
packet pts=81 size=901 key=0
packet pts=82 size=868 key=0
packet pts=83 size=916 key=0
packet pts=84 size=882 key=0
packet pts=85 size=890 key=0
packet pts=86 size=852 key=0
packet pts=87 size=903 key=0
packet pts=88 size=865 key=0
packet pts=89 size=879 key=0
packet pts=90 size=107044 key=1
packet pts=91 size=36400 key=0
packet pts=92 size=3499 key=0
packet pts=93 size=6230 key=0
packet pts=94 size=4787 key=0
packet pts=95 size=669 key=0
packet pts=96 size=1662 key=0
packet pts=97 size=1446 key=0
packet pts=98 size=643 key=0
packet pts=99 size=1000 key=0
packet pts=100 size=1157 key=0
packet pts=101 size=910 key=0
packet pts=102 size=799 key=0
packet pts=103 size=878 key=0
packet pts=104 size=837 key=0
packet pts=105 size=859 key=0
packet pts=106 size=799 key=0
packet pts=107 size=843 key=0
packet pts=108 size=809 key=0
packet pts=109 size=846 key=0
packet pts=110 size=777 key=0
packet pts=111 size=769 key=0
packet pts=112 size=989 key=0
packet pts=113 size=879 key=0
packet pts=114 size=809 key=0
packet pts=115 size=776 key=0
packet pts=116 size=845 key=0
packet pts=117 size=882 key=0
packet pts=118 size=840 key=0
packet pts=119 size=780 key=0
SUMMARY codec=h264_v4l2m2m width=1280 height=720 key_packets=4 eof=1
