[hevc_v4l2m2m @ 0xaaaadd1de2a0] Using device /dev/video1
[hevc_v4l2m2m @ 0xaaaadd1de2a0] driver 'iris_driver' on card 'Iris Encoder' in mplane mode
[hevc_v4l2m2m @ 0xaaaadd1de2a0] requesting formats: output=NV12/nv12 capture=HEVC/none
packet pts=0 size=56241 key=1
packet pts=1 size=651 key=0
packet pts=2 size=2591 key=0
packet pts=3 size=2009 key=0
packet pts=4 size=2609 key=0
packet pts=5 size=2376 key=0
packet pts=6 size=2437 key=0
packet pts=7 size=2248 key=0
packet pts=8 size=2184 key=0
packet pts=9 size=2110 key=0
packet pts=10 size=2159 key=0
packet pts=11 size=1743 key=0
packet pts=12 size=2121 key=0
packet pts=13 size=1680 key=0
packet pts=14 size=1407 key=0
packet pts=15 size=1172 key=0
packet pts=16 size=1121 key=0
packet pts=17 size=1146 key=0
packet pts=18 size=1170 key=0
packet pts=19 size=1039 key=0
packet pts=20 size=1040 key=0
packet pts=21 size=890 key=0
packet pts=22 size=786 key=0
packet pts=23 size=655 key=0
packet pts=24 size=795 key=0
packet pts=25 size=725 key=0
packet pts=26 size=717 key=0
packet pts=27 size=584 key=0
packet pts=28 size=625 key=0
packet pts=29 size=524 key=0
packet pts=30 size=127763 key=1
packet pts=31 size=938 key=0
packet pts=32 size=1865 key=0
packet pts=33 size=3485 key=0
packet pts=34 size=2151 key=0
packet pts=35 size=2069 key=0
packet pts=36 size=1709 key=0
packet pts=37 size=1464 key=0
packet pts=38 size=1079 key=0
packet pts=39 size=909 key=0
packet pts=40 size=536 key=0
packet pts=41 size=361 key=0
packet pts=42 size=269 key=0
packet pts=43 size=260 key=0
packet pts=44 size=263 key=0
packet pts=45 size=249 key=0
packet pts=46 size=252 key=0
packet pts=47 size=240 key=0
packet pts=48 size=233 key=0
packet pts=49 size=231 key=0
packet pts=50 size=232 key=0
packet pts=51 size=313 key=0
packet pts=52 size=218 key=0
packet pts=53 size=224 key=0
packet pts=54 size=224 key=0
packet pts=55 size=224 key=0
packet pts=56 size=225 key=0
packet pts=57 size=223 key=0
packet pts=58 size=223 key=0
packet pts=59 size=225 key=0
packet pts=60 size=149863 key=1
packet pts=61 size=4946 key=0
packet pts=62 size=2219 key=0
packet pts=63 size=1205 key=0
packet pts=64 size=384 key=0
packet pts=65 size=262 key=0
packet pts=66 size=244 key=0
packet pts=67 size=240 key=0
packet pts=68 size=225 key=0
packet pts=69 size=224 key=0
packet pts=70 size=225 key=0
packet pts=71 size=234 key=0
packet pts=72 size=233 key=0
packet pts=73 size=234 key=0
packet pts=74 size=234 key=0
packet pts=75 size=234 key=0
packet pts=76 size=234 key=0
packet pts=77 size=233 key=0
packet pts=78 size=234 key=0
packet pts=79 size=235 key=0
packet pts=80 size=234 key=0
packet pts=81 size=234 key=0
packet pts=82 size=236 key=0
packet pts=83 size=236 key=0
packet pts=84 size=236 key=0
packet pts=85 size=235 key=0
packet pts=86 size=236 key=0
packet pts=87 size=235 key=0
packet pts=88 size=234 key=0
packet pts=89 size=233 key=0
packet pts=90 size=153622 key=1
packet pts=91 size=5470 key=0
packet pts=92 size=2317 key=0
packet pts=93 size=1258 key=0
packet pts=94 size=527 key=0
packet pts=95 size=307 key=0
packet pts=96 size=249 key=0
packet pts=97 size=249 key=0
packet pts=98 size=235 key=0
packet pts=99 size=235 key=0
packet pts=100 size=235 key=0
packet pts=101 size=234 key=0
packet pts=102 size=232 key=0
packet pts=103 size=233 key=0
packet pts=104 size=231 key=0
packet pts=105 size=232 key=0
packet pts=106 size=313 key=0
packet pts=107 size=218 key=0
packet pts=108 size=224 key=0
packet pts=109 size=224 key=0
packet pts=110 size=224 key=0
packet pts=111 size=225 key=0
packet pts=112 size=223 key=0
packet pts=113 size=223 key=0
packet pts=114 size=225 key=0
packet pts=115 size=223 key=0
packet pts=116 size=222 key=0
packet pts=117 size=225 key=0
packet pts=118 size=224 key=0
packet pts=119 size=223 key=0
SUMMARY codec=hevc_v4l2m2m width=1280 height=720 key_packets=4 eof=1
